com\example\demo\controller\ReviewRestController.class
com\example\demo\entity\Profesor.class
com\example\demo\service\ReviewServiceImpl.class
com\example\demo\dto\SignUpRequest.class
com\example\demo\service\UsuarioServiceImpl.class
com\example\demo\dao\IUsuarioDao.class
com\example\demo\RestServiceApplication.class
com\example\demo\entity\Review.class
com\example\demo\model\MProfesor.class
com\example\demo\service\ProfesorServiceImpl.class
com\example\demo\dto\LoginRequest.class
com\example\demo\entity\Rol.class
com\example\demo\config\WebConfig.class
com\example\demo\controller\UsuarioRestController.class
com\example\demo\controller\ProfesorRestController.class
com\example\demo\service\IProfesorService.class
com\example\demo\model\MUsuario.class
com\example\demo\controller\AdminRestController.class
com\example\demo\entity\Usuario.class
com\example\demo\service\IUsuarioService.class
com\example\demo\controller\LoginRestController.class
com\example\demo\entity\Persona.class
com\example\demo\mapper\Mapper.class
com\example\demo\entity\PlanDeMembresia.class
com\example\demo\dao\IProfesorDao.class
com\example\demo\service\IReviewService.class
com\example\demo\entity\Admin.class
com\example\demo\service\IAdminService.class
com\example\demo\service\AdminServiceImpl.class
com\example\demo\entity\VisibilidadPerfil.class
com\example\demo\dao\IReviewDao.class
com\example\demo\dao\IAdminDao.class
