C:\Nico\Treino\RestService\src\main\java\com\example\demo\config\WebConfig.java
C:\Nico\Treino\RestService\src\main\java\com\example\demo\controller\AdminRestController.java
C:\Nico\Treino\RestService\src\main\java\com\example\demo\controller\LoginRestController.java
C:\Nico\Treino\RestService\src\main\java\com\example\demo\controller\ProfesorRestController.java
C:\Nico\Treino\RestService\src\main\java\com\example\demo\controller\ReviewRestController.java
C:\Nico\Treino\RestService\src\main\java\com\example\demo\controller\UsuarioRestController.java
C:\Nico\Treino\RestService\src\main\java\com\example\demo\dao\IAdminDao.java
C:\Nico\Treino\RestService\src\main\java\com\example\demo\dao\IProfesorDao.java
C:\Nico\Treino\RestService\src\main\java\com\example\demo\dao\IReviewDao.java
C:\Nico\Treino\RestService\src\main\java\com\example\demo\dao\IUsuarioDao.java
C:\Nico\Treino\RestService\src\main\java\com\example\demo\dto\LoginRequest.java
C:\Nico\Treino\RestService\src\main\java\com\example\demo\dto\SignUpRequest.java
C:\Nico\Treino\RestService\src\main\java\com\example\demo\entity\Admin.java
C:\Nico\Treino\RestService\src\main\java\com\example\demo\entity\Persona.java
C:\Nico\Treino\RestService\src\main\java\com\example\demo\entity\PlanDeMembresia.java
C:\Nico\Treino\RestService\src\main\java\com\example\demo\entity\Profesor.java
C:\Nico\Treino\RestService\src\main\java\com\example\demo\entity\Review.java
C:\Nico\Treino\RestService\src\main\java\com\example\demo\entity\Rol.java
C:\Nico\Treino\RestService\src\main\java\com\example\demo\entity\Usuario.java
C:\Nico\Treino\RestService\src\main\java\com\example\demo\entity\VisibilidadPerfil.java
C:\Nico\Treino\RestService\src\main\java\com\example\demo\mapper\Mapper.java
C:\Nico\Treino\RestService\src\main\java\com\example\demo\model\MProfesor.java
C:\Nico\Treino\RestService\src\main\java\com\example\demo\model\MUsuario.java
C:\Nico\Treino\RestService\src\main\java\com\example\demo\RestServiceApplication.java
C:\Nico\Treino\RestService\src\main\java\com\example\demo\service\AdminServiceImpl.java
C:\Nico\Treino\RestService\src\main\java\com\example\demo\service\IAdminService.java
C:\Nico\Treino\RestService\src\main\java\com\example\demo\service\IProfesorService.java
C:\Nico\Treino\RestService\src\main\java\com\example\demo\service\IReviewService.java
C:\Nico\Treino\RestService\src\main\java\com\example\demo\service\IUsuarioService.java
C:\Nico\Treino\RestService\src\main\java\com\example\demo\service\ProfesorServiceImpl.java
C:\Nico\Treino\RestService\src\main\java\com\example\demo\service\ReviewServiceImpl.java
C:\Nico\Treino\RestService\src\main\java\com\example\demo\service\UsuarioServiceImpl.java
